
> myportfolio@0.0.0 build
> vite build

[36mrolldown-vite v7.2.5 [32mbuilding client environment for production...[36m[39m
[2K
transforming...Γ£ô 1025 modules transformed.
rendering chunks...
computing gzip size...
dist/index.html                     0.45 kB Γöé gzip:   0.29 kB
dist/assets/index-Dhrs7Mwi.css     79.43 kB Γöé gzip:  12.28 kB
dist/assets/index-BYx1uxQa.js   1,549.49 kB Γöé gzip: 461.54 kB
[32mΓ£ô built in 635ms[39m
[plugin builtin:reporter] 
(!) Some chunks are larger than 500 kB after minification. Consider:
- Using dynamic import() to code-split the application
- Use build.rollupOptions.output.manualChunks to improve chunking: https://rollupjs.org/configuration-options/#output-manualchunks
- Adjust chunk size limit for this warning via build.chunkSizeWarningLimit.
